// Jest Snapshot v1, https://goo.gl/fbAQLP

exports[`If collection is empty 1`] = `[Function]`;
